// Jest Snapshot v1, https://goo.gl/fbAQLP

exports[`DetailsView testing close button 1`] = `
<Modal
  animationType="slide"
  hardwareAccelerated={false}
  presentationStyle="overFullScreen"
  transparent={true}
  visible={true}
>
  <RCTScrollView
    contentContainerStyle={
      Object {
        "alignContent": "center",
        "backgroundColor": "black",
        "flex": 1,
        "justifyContent": "center",
      }
    }
  >
    <View>
      <Text
        style={
          Object {
            "alignSelf": "center",
            "color": "white",
            "fontSize": 18,
            "margin": 8,
          }
        }
      />
      <Text
        style={
          Object {
            "alignSelf": "center",
            "borderColor": "gray",
            "borderWidth": 1,
            "color": "lightgray",
            "padding": 10,
            "width": "90%",
          }
        }
      />
      <Text
        style={
          Object {
            "alignSelf": "center",
            "borderColor": "gray",
            "borderWidth": 1,
            "color": "lightgray",
            "padding": 10,
            "width": "90%",
          }
        }
      />
      <View
        accessibilityLabel="Close"
        accessibilityRole="button"
        accessibilityState={Object {}}
        accessible={true}
        focusable={true}
        onClick={[Function]}
        onResponderGrant={[Function]}
        onResponderMove={[Function]}
        onResponderRelease={[Function]}
        onResponderTerminate={[Function]}
        onResponderTerminationRequest={[Function]}
        onStartShouldSetResponder={[Function]}
        style={
          Object {
            "opacity": 1,
          }
        }
      >
        <View
          style={
            Array [
              Object {},
            ]
          }
        >
          <Text
            style={
              Array [
                Object {
                  "color": "#007AFF",
                  "fontSize": 18,
                  "margin": 8,
                  "textAlign": "center",
                },
                Object {
                  "color": "#841584",
                },
              ]
            }
          >
            Close
          </Text>
        </View>
      </View>
    </View>
  </RCTScrollView>
</Modal>
`;
